05-22 10:49:06.149  9200  9200 I ViewRootImpl@422b33f[BioFaceV2]: reportNextDraw android.view.ViewRootImpl.performTraversals:4473 android.view.ViewRootImpl.doTraversal:3151 android.view.ViewRootImpl$TraversalRunnable.run:11068 android.view.Choreographer$CallbackRecord.run:1321 android.view.Choreographer$CallbackRecord.run:1329 
05-22 10:49:06.149  9200  9200 I ViewRootImpl@422b33f[BioFaceV2]: Setup new sync id=0
05-22 10:49:06.149  9200  9200 I ViewRootImpl@422b33f[BioFaceV2]: Setting syncFrameCallback
05-22 10:49:06.149  9200  9200 I ViewRootImpl@422b33f[BioFaceV2]: registerCallbacksForSync syncBuffer=false
05-22 10:49:06.149  9200  9343 I gralloc4: register: id=2750000c85e, handle:0xb40000771d603700, vaddr=0x77b114c000
05-22 10:49:06.151  9200  9287 I ViewRootImpl@422b33f[BioFaceV2]: Received frameDrawingCallback syncResult=0 frameNum=1.
05-22 10:49:06.151  9200  9287 I ViewRootImpl@422b33f[BioFaceV2]: Setting up sync and frameCommitCallback
05-22 10:49:06.153  9200  9246 I BLASTBufferQueue: [ViewRootImpl@422b33f[BioFaceV2]#4](f:0,a:0) onFrameAvailable the first frame is available
05-22 10:49:06.154  9200  9246 I ViewRootImpl@422b33f[BioFaceV2]: Received frameCommittedCallback lastAttemptedDrawFrameNum=1 didProduceBuffer=true
05-22 10:49:06.156  9200  9246 D OpenGLRenderer: CFMS:: SetUp Pid : 9200    Tid : 9246
05-22 10:49:06.156  9200  9246 W Parcel  : Expecting binder but got null!
05-22 10:49:06.156  9200  9200 I ViewRootImpl@422b33f[BioFaceV2]: onSyncComplete
05-22 10:49:06.157  9200  9200 I ViewRootImpl@422b33f[BioFaceV2]: setupSync seqId=0 mSyncId=0 fn=1 caller=android.view.ViewRootImpl$$ExternalSyntheticLambda11.accept:6 android.window.SurfaceSyncer.lambda$setupSync$1$android-window-SurfaceSyncer:168 android.window.SurfaceSyncer$$ExternalSyntheticLambda1.accept:8 android.window.SurfaceSyncer$SyncSet.checkIfSyncIsComplete:495 android.window.SurfaceSyncer$SyncSet.markSyncReady:454 android.window.SurfaceSyncer.markSyncReady:191 android.view.ViewRootImpl.performTraversals:4538 
05-22 10:49:06.167  9200  9200 D SensorManager: registerListener :: 1, accelerometer_bmi220, 200000, 0, 
05-22 10:49:06.176  9200  9293 I okhttp.OkHttpClient: --> GET http://144.22.149.125:9400/api/terceiros/1
05-22 10:49:06.176  9200  9293 I okhttp.OkHttpClient: Server-Hash: d751713988987e9331980363e24189ce
05-22 10:49:06.176  9200  9293 I okhttp.OkHttpClient: --> END GET
05-22 10:49:06.177  9200  9293 D TrafficStats: tagSocket(486) with statsTag=0xffffffff, statsUid=-1
05-22 10:49:06.183  9200  9200 I ViewRootImpl@a74ea2f[BioFaceV2]: performTraversals params={(0,0)(fillxfill) sim={adjust=pan forwardNavigation} ty=BASE_APPLICATION wanim=0x1030309
05-22 10:49:06.183  9200  9200 I ViewRootImpl@a74ea2f[BioFaceV2]:   fl=81810180
05-22 10:49:06.183  9200  9200 I ViewRootImpl@a74ea2f[BioFaceV2]:   pfl=12020040
05-22 10:49:06.183  9200  9200 I ViewRootImpl@a74ea2f[BioFaceV2]:   bhv=DEFAULT
05-22 10:49:06.183  9200  9200 I ViewRootImpl@a74ea2f[BioFaceV2]:   fitSides= naviIconColor=0
05-22 10:49:06.183  9200  9200 I ViewRootImpl@a74ea2f[BioFaceV2]:   sfl=100000}
05-22 10:49:06.184  9200  9200 I ViewRootImpl@a74ea2f[BioFaceV2]: performTraversals mFirst=true windowShouldResize=true viewVisibilityChanged=false mForceNextWindowRelayout=false params={(0,0)(fillxfill) sim={adjust=pan forwardNavigation} ty=BASE_APPLICATION wanim=0x1030309
05-22 10:49:06.184  9200  9200 I ViewRootImpl@a74ea2f[BioFaceV2]:   fl=81810180
05-22 10:49:06.184  9200  9200 I ViewRootImpl@a74ea2f[BioFaceV2]:   pfl=12020040
05-22 10:49:06.184  9200  9200 I ViewRootImpl@a74ea2f[BioFaceV2]:   bhv=DEFAULT
05-22 10:49:06.184  9200  9200 I ViewRootImpl@a74ea2f[BioFaceV2]:   fitSides= naviIconColor=0
05-22 10:49:06.184  9200  9200 I ViewRootImpl@a74ea2f[BioFaceV2]:   sfl=100000}
05-22 10:49:06.263  1065  1082 I ActivityTaskManager: Displayed exataid.exatarep/.face.multimodal.BioFaceV2: +578ms
05-22 10:49:06.199  9200  9200 I ViewRootImpl@a74ea2f[BioFaceV2]: updateBlastSurfaceIfNeeded mBlastBufferQueue=null isSameSurfaceControl=false
05-22 10:49:06.199  9200  9200 I BLASTBufferQueue: new BLASTBufferQueue, mName= ViewRootImpl@a74ea2f[BioFaceV2] mNativeObject= 0xb40000772a907980 sc.mNativeObject= 0xb4000077b2aa01a0 caller= android.view.ViewRootImpl.updateBlastSurfaceIfNeeded:2939 android.view.ViewRootImpl.relayoutWindow:9990 android.view.ViewRootImpl.performTraversals:3919 android.view.ViewRootImpl.doTraversal:3151 android.view.ViewRootImpl$TraversalRunnable.run:11068 android.view.Choreographer$CallbackRecord.run:1321 android.view.Choreographer$CallbackRecord.run:1329 android.view.Choreographer.doCallbacks:930 android.view.Choreographer.doFrame:859 android.view.Choreographer$FrameDisplayEventReceiver.run:1303 
05-22 10:49:06.200  9200  9200 I BLASTBufferQueue: update, w= 1200 h= 1920 mName = ViewRootImpl@a74ea2f[BioFaceV2] mNativeObject= 0xb40000772a907980 sc.mNativeObject= 0xb4000077b2aa01a0 format= -1 caller= android.graphics.BLASTBufferQueue.<init>:84 android.view.ViewRootImpl.updateBlastSurfaceIfNeeded:2939 android.view.ViewRootImpl.relayoutWindow:9990 android.view.ViewRootImpl.performTraversals:3919 android.view.ViewRootImpl.doTraversal:3151 android.view.ViewRootImpl$TraversalRunnable.run:11068 
05-22 10:49:06.200  9200  9200 I ViewRootImpl@a74ea2f[BioFaceV2]: Relayout returned: old=(0,0,1200,1920) new=(0,0,1200,1920) req=(1200,1920)0 dur=15 res=0x3 s={true 0xb400007713256000} ch=true seqId=0
05-22 10:49:06.201  9200  9200 I ViewRootImpl@a74ea2f[BioFaceV2]: mThreadedRenderer.initialize() mSurface={isValid=true 0xb400007713256000} hwInitialized=true
05-22 10:49:06.201  9200  9246 D OpenGLRenderer: eglCreateWindowSurface
05-22 10:49:06.205  9200  9200 I ViewRootImpl@a74ea2f[BioFaceV2]: reportNextDraw android.view.ViewRootImpl.performTraversals:4473 android.view.ViewRootImpl.doTraversal:3151 android.view.ViewRootImpl$TraversalRunnable.run:11068 android.view.Choreographer$CallbackRecord.run:1321 android.view.Choreographer$CallbackRecord.run:1329 
05-22 10:49:06.207  9200  9200 I ViewRootImpl@a74ea2f[BioFaceV2]: Setup new sync id=0
05-22 10:49:06.207  9200  9200 I ViewRootImpl@a74ea2f[BioFaceV2]: Setting syncFrameCallback
05-22 10:49:06.207  9200  9200 I ViewRootImpl@a74ea2f[BioFaceV2]: registerCallbacksForSync syncBuffer=false
05-22 10:49:06.221  9200  9356 I gralloc4: register: id=2750000c85f, handle:0xb4000077131cbc00, vaddr=0x77af760000
05-22 10:49:06.224  9200  9356 I gralloc4: register: id=2750000c860, handle:0xb4000077b2f55000, vaddr=0x771c80a000
05-22 10:49:06.229  9200  9356 I gralloc4: register: id=2750000c861, handle:0xb4000077b2f55200, vaddr=0x770a40a000
05-22 10:49:06.237  9200  9288 I ViewRootImpl@a74ea2f[BioFaceV2]: Received frameDrawingCallback syncResult=0 frameNum=1.
05-22 10:49:06.237  9200  9288 I ViewRootImpl@a74ea2f[BioFaceV2]: Setting up sync and frameCommitCallback
05-22 10:49:06.241  9200  9246 I BLASTBufferQueue: [ViewRootImpl@a74ea2f[BioFaceV2]#5](f:0,a:0) onFrameAvailable the first frame is available
05-22 10:49:06.242  9200  9246 I ViewRootImpl@a74ea2f[BioFaceV2]: Received frameCommittedCallback lastAttemptedDrawFrameNum=1 didProduceBuffer=true
05-22 10:49:06.244  9200  9246 D OpenGLRenderer: CFMS:: SetUp Pid : 9200    Tid : 9246
05-22 10:49:06.245  9200  9246 W Parcel  : Expecting binder but got null!
05-22 10:49:06.245  9200  9293 I okhttp.OkHttpClient: <-- 200 http://144.22.149.125:9400/api/terceiros/1 (68ms)
05-22 10:49:06.245  9200  9200 I ViewRootImpl@a74ea2f[BioFaceV2]: onSyncComplete
05-22 10:49:06.245  9200  9293 I okhttp.OkHttpClient: Vary: origin,access-control-request-method,access-control-request-headers,accept-encoding
05-22 10:49:06.245  9200  9293 I okhttp.OkHttpClient: Server-Hash: d751713988987e9331980363e24189ce
05-22 10:49:06.245  9200  9293 I okhttp.OkHttpClient: Content-Type: application/json
05-22 10:49:06.245  9200  9293 I okhttp.OkHttpClient: Transfer-Encoding: chunked
05-22 10:49:06.245  9200  9293 I okhttp.OkHttpClient: Date: Wed, 22 May 2024 13:49:05 GMT
05-22 10:49:06.245  9200  9293 I okhttp.OkHttpClient: Keep-Alive: timeout=60
05-22 10:49:06.245  9200  9293 I okhttp.OkHttpClient: Connection: keep-alive
05-22 10:49:06.245  9200  9200 I ViewRootImpl@a74ea2f[BioFaceV2]: setupSync seqId=0 mSyncId=0 fn=1 caller=android.view.ViewRootImpl$$ExternalSyntheticLambda11.accept:6 android.window.SurfaceSyncer.lambda$setupSync$1$android-window-SurfaceSyncer:168 android.window.SurfaceSyncer$$ExternalSyntheticLambda1.accept:8 android.window.SurfaceSyncer$SyncSet.checkIfSyncIsComplete:495 android.window.SurfaceSyncer$SyncSet.markSyncReady:454 android.window.SurfaceSyncer.markSyncReady:191 android.view.ViewRootImpl.performTraversals:4538 
05-22 10:49:06.245  9200  9293 I okhttp.OkHttpClient: []
05-22 10:49:06.245  9200  9293 I okhttp.OkHttpClient: <-- END HTTP (2-byte body)
05-22 10:49:06.246  9200  9200 I ViewRootImpl@a74ea2f[BioFaceV2]: reportDrawFinished seqId=0 mSyncId=-1 fn=1 mSurfaceChangedTransaction=0xb400007713107d00
05-22 10:49:06.246  9200  9200 I ViewRootImpl@422b33f[BioFaceV2]: reportDrawFinished seqId=0 mSyncId=-1 fn=1 mSurfaceChangedTransaction=0xb400007713107a00
05-22 10:49:06.246  9200  9200 I ViewRootImpl@e9d2f29[BioFaceV2]: reportDrawFinished seqId=0 mSyncId=-1 fn=1 mSurfaceChangedTransaction=0xb400007713107600
05-22 10:49:06.246  9200  9200 I ViewRootImpl@19e791[MenuPrincipalActivity]: MSG_WINDOW_FOCUS_CHANGED 0 0
05-22 10:49:06.247  9200  9200 I checarStatusGPS: Checando...
05-22 10:49:06.247  9200  9200 E validarCoordenada: Validando...
05-22 10:49:06.256  9200  9200 I ViewRootImpl@19e791[MenuPrincipalActivity]: MSG_WINDOW_FOCUS_CHANGED 0 0
05-22 10:49:06.275  9200  9200 I ViewRootImpl@e9d2f29[BioFaceV2]: handleResized, msg = 5 frames=ClientWindowFrames{frame=[120,852][1079,1032] display=[0,36][1200,1848] parentFrame=[0,0][0,0] parentClippedByDisplayCutout=false} forceNextWindowRelayout=false displayId=0 resizeMode=-1 frameChanged=false displayFrameChanged=false configChanged=false displayChanged=false
05-22 10:49:06.275  9200  9200 I ViewRootImpl@e9d2f29[BioFaceV2]: handleResized mSyncSeqId = 0
05-22 10:49:06.275  9200  9200 I ViewRootImpl@e9d2f29[BioFaceV2]: reportNextDraw android.view.ViewRootImpl.handleResized:2480 android.view.ViewRootImpl.-$$Nest$mhandleResized:0 android.view.ViewRootImpl$ViewRootHandler.handleMessageImpl:6806 android.view.ViewRootImpl$ViewRootHandler.handleMessage:6775 android.os.Handler.dispatchMessage:106 
05-22 10:49:06.279  9200  9200 I ViewRootImpl@422b33f[BioFaceV2]: handleResized, msg = 5 frames=ClientWindowFrames{frame=[120,852][1079,1032] display=[0,36][1200,1848] parentFrame=[0,0][0,0] parentClippedByDisplayCutout=false} forceNextWindowRelayout=false displayId=0 resizeMode=-1 frameChanged=false displayFrameChanged=false configChanged=false displayChanged=false
05-22 10:49:06.279  9200  9200 I ViewRootImpl@422b33f[BioFaceV2]: handleResized mSyncSeqId = 0
05-22 10:49:06.279  9200  9200 I ViewRootImpl@422b33f[BioFaceV2]: reportNextDraw android.view.ViewRootImpl.handleResized:2480 android.view.ViewRootImpl.-$$Nest$mhandleResized:0 android.view.ViewRootImpl$ViewRootHandler.handleMessageImpl:6806 android.view.ViewRootImpl$ViewRootHandler.handleMessage:6775 android.os.Handler.dispatchMessage:106 
05-22 10:49:06.279  9200  9200 I ViewRootImpl@19e791[MenuPrincipalActivity]: handleAppVisibility mAppVisible = true visible = false
05-22 10:49:06.279  9200  9200 E LocalizacaoFragment: LocalizacaoService Force request... OK 
05-22 10:49:06.279  9200  9200 E Localizacao: LocalizacaoService ignorada (distancia da ultima :0.0m)fused: Location[fused -21.144920,-48.970498 hAcc=11.933 et=+7d18h15m12s374ms alt=499.3999938964844 vAcc=1.8547244 vel=0.051952347]
05-22 10:49:06.280  9200  9200 I MSHandlerLifeCycle: removeMultiSplitHandler: no exist. decor=DecorView@8da9a61[BioFaceV2]
05-22 10:49:06.285  9200  9246 D OpenGLRenderer: setSurface called with nullptr
05-22 10:49:06.285  9200  9246 D OpenGLRenderer: setSurface() destroyed EGLSurface
05-22 10:49:06.285  9200  9246 D OpenGLRenderer: destroyEglSurface
05-22 10:49:06.285  9200  9246 I gralloc4: unregister: id=2750000c85c, handle:0xb40000771d603300, vaddr=0x77b13de000
05-22 10:49:06.287  9200  9200 I ViewRootImpl@422b33f[BioFaceV2]: dispatchDetachedFromWindow
05-22 10:49:06.299  9200  9217 I gralloc4: unregister: id=2750000c85e, handle:0xb40000771d603700, vaddr=0x77b114c000
05-22 10:49:06.300  9200  9217 I gralloc4: unregister: id=2750000c85d, handle:0xb40000771d603500, vaddr=0x77b1295000
05-22 10:49:06.301  9200  9293 I okhttp.OkHttpClient: --> GET http://144.22.149.125:9400/api/v1/refeicao_tipo/1
05-22 10:49:06.301  9200  9293 I okhttp.OkHttpClient: Server-Hash: 4f73fdb12b7a3a9747ad06b2067d2bac
05-22 10:49:06.301  9200  9293 I okhttp.OkHttpClient: --> END GET
05-22 10:49:06.301  9200  9293 D TrafficStats: tagSocket(473) with statsTag=0xffffffff, statsUid=-1
05-22 10:49:06.312  9200  9200 D InputTransport: Input channel destroyed: '1a9951f', fd=462
05-22 10:49:06.313  9200  9200 I ViewRootImpl@e9d2f29[BioFaceV2]: Setup new sync id=1
05-22 10:49:06.313  9200  9200 I ViewRootImpl@e9d2f29[BioFaceV2]: Setting syncFrameCallback
05-22 10:49:06.313  9200  9200 I ViewRootImpl@e9d2f29[BioFaceV2]: registerCallbacksForSync syncBuffer=false
05-22 10:49:06.319  9200  9287 I ViewRootImpl@e9d2f29[BioFaceV2]: Received frameDrawingCallback syncResult=8 frameNum=13.
05-22 10:49:06.319  9200  9287 I ViewRootImpl@e9d2f29[BioFaceV2]: Setting up sync and frameCommitCallback
05-22 10:49:06.321  9200  9246 D OpenGLRenderer: setSurface called with nullptr
05-22 10:49:06.321  9200  9246 D OpenGLRenderer: setSurface() destroyed EGLSurface
05-22 10:49:06.321  9200  9246 D OpenGLRenderer: destroyEglSurface
05-22 10:49:06.322  9200  9246 I gralloc4: unregister: id=2750000c847, handle:0xb4000077293bba00, vaddr=0x7727146000
05-22 10:49:06.322  9200  9246 I gralloc4: unregister: id=2750000c849, handle:0xb4000077293d5300, vaddr=0x7722783000
05-22 10:49:06.323  9200  9200 I ViewRootImpl@19e791[MenuPrincipalActivity]: performTraversals mFirst=false windowShouldResize=false viewVisibilityChanged=true mForceNextWindowRelayout=false params=null
05-22 10:49:06.327  9200  9246 I ViewRootImpl@e9d2f29[BioFaceV2]: Received frameCommittedCallback lastAttemptedDrawFrameNum=13 didProduceBuffer=true
05-22 10:49:06.327  9200  9246 I ViewRootImpl@e9d2f29[BioFaceV2]: onSyncComplete
05-22 10:49:06.328  9200  9246 I ViewRootImpl@e9d2f29[BioFaceV2]: setupSync seqId=0 mSyncId=-1 fn=13 caller=android.view.ViewRootImpl$$ExternalSyntheticLambda11.accept:6 android.window.SurfaceSyncer.lambda$setupSync$1$android-window-SurfaceSyncer:168 android.window.SurfaceSyncer$$ExternalSyntheticLambda1.accept:8 android.window.SurfaceSyncer$SyncSet.checkIfSyncIsComplete:495 android.window.SurfaceSyncer$SyncSet.-$$Nest$mcheckIfSyncIsComplete:0 android.window.SurfaceSyncer$SyncSet$1.onBufferReady:430 android.view.ViewRootImpl$12.lambda$onFrameDraw$0$android-view-ViewRootImpl$12:13655 
05-22 10:49:06.340  9200  9200 I gralloc4: unregister: id=2750000c848, handle:0xb4000077293d5100, vaddr=0x7723071000
05-22 10:49:06.341  9200  9200 I ViewRootImpl@19e791[MenuPrincipalActivity]: Relayout returned: old=(0,0,1200,1920) new=(0,0,1200,1920) req=(1200,1920)8 dur=17 res=0x2 s={false 0x0} ch=true seqId=0
05-22 10:49:06.342  9200  9200 I ViewRootImpl@e9d2f29[BioFaceV2]: reportDrawFinished seqId=0 mSyncId=-1 fn=13 mSurfaceChangedTransaction=0xb400007713107600
05-22 10:49:06.342  9200  9200 I ViewRootImpl@19e791[MenuPrincipalActivity]: stopped(true) old = false
05-22 10:49:06.342  9200  9200 I ViewRootImpl@19e791[MenuPrincipalActivity]: WindowStopped on exataid.exatarep/exataid.exatarep.telas.MenuPrincipalActivity set to true
05-22 10:49:06.352  9200  9200 D DecorView: isDeviceLocked = false
05-22 10:49:06.352  9200  9200 I MSHandlerLifeCycle: check: return. pkg=exataid.exatarep mode=fullscreen op=true locked=false callers=com.android.internal.policy.DecorView.setVisibility:4487 android.app.ActivityThread.updateVisibility:5883 android.app.ActivityThread.handleStopActivity:5901 android.app.servertransaction.StopActivityItem.execute:43 android.app.servertransaction.ActivityTransactionItem.execute:45 
05-22 10:49:06.352  9200  9200 I MSHandlerLifeCycle: removeMultiSplitHandler: no exist. decor=DecorView@2daca17[MenuPrincipalActivity]
05-22 10:49:06.354  9200  9200 I ViewRootImpl@e9d2f29[BioFaceV2]: MSG_WINDOW_FOCUS_CHANGED 1 0
05-22 10:49:06.355  9200  9200 I ViewRootImpl@e9d2f29[BioFaceV2]: mThreadedRenderer.initializeIfNeeded()#2 mSurface={isValid=true 0xb400007712fba000}
05-22 10:49:06.435  9200  9293 I okhttp.OkHttpClient: <-- 200 http://144.22.149.125:9400/api/v1/refeicao_tipo/1 (134ms)
05-22 10:49:06.435  9200  9293 I okhttp.OkHttpClient: Vary: origin,access-control-request-method,access-control-request-headers,accept-encoding
05-22 10:49:06.435  9200  9293 I okhttp.OkHttpClient: Server-Hash: 4f73fdb12b7a3a9747ad06b2067d2bac
05-22 10:49:06.435  9200  9293 I okhttp.OkHttpClient: Content-Type: application/json
05-22 10:49:06.435  9200  9293 I okhttp.OkHttpClient: Transfer-Encoding: chunked
05-22 10:49:06.435  9200  9293 I okhttp.OkHttpClient: Date: Wed, 22 May 2024 13:49:06 GMT
05-22 10:49:06.435  9200  9293 I okhttp.OkHttpClient: Keep-Alive: timeout=60
05-22 10:49:06.435  9200  9293 I okhttp.OkHttpClient: Connection: keep-alive
05-22 10:49:06.436  9200  9293 I okhttp.OkHttpClient: []
05-22 10:49:06.436  9200  9293 I okhttp.OkHttpClient: <-- END HTTP (2-byte body)
05-22 10:49:06.480  9200  9293 I okhttp.OkHttpClient: --> GET http://144.22.149.125:9400/api/sinc/v1/refeicao_tipo_qtd/1/2
05-22 10:49:06.480  9200  9293 I okhttp.OkHttpClient: Server-Hash: d751713988987e9331980363e24189ce
05-22 10:49:06.480  9200  9293 I okhttp.OkHttpClient: --> END GET
05-22 10:49:06.481  9200  9293 D TrafficStats: tagSocket(462) with statsTag=0xffffffff, statsUid=-1
05-22 10:49:06.538  9200  9293 I okhttp.OkHttpClient: <-- 200 http://144.22.149.125:9400/api/sinc/v1/refeicao_tipo_qtd/1/2 (58ms)
05-22 10:49:06.538  9200  9293 I okhttp.OkHttpClient: Vary: origin,access-control-request-method,access-control-request-headers,accept-encoding
05-22 10:49:06.538  9200  9293 I okhttp.OkHttpClient: Server-Hash: d751713988987e9331980363e24189ce
05-22 10:49:06.538  9200  9293 I okhttp.OkHttpClient: Content-Type: application/json
05-22 10:49:06.538  9200  9293 I okhttp.OkHttpClient: Transfer-Encoding: chunked
05-22 10:49:06.538  9200  9293 I okhttp.OkHttpClient: Date: Wed, 22 May 2024 13:49:06 GMT
05-22 10:49:06.538  9200  9293 I okhttp.OkHttpClient: Keep-Alive: timeout=60
05-22 10:49:06.538  9200  9293 I okhttp.OkHttpClient: Connection: keep-alive
05-22 10:49:06.539  9200  9293 I okhttp.OkHttpClient: []
05-22 10:49:06.539  9200  9293 I okhttp.OkHttpClient: <-- END HTTP (2-byte body)
05-22 10:49:06.582  9200  9293 I okhttp.OkHttpClient: --> GET http://144.22.149.125:9400/api/sinc/registros-diversos-tipo/1/1003
05-22 10:49:06.582  9200  9293 I okhttp.OkHttpClient: Server-Hash: d751713988987e9331980363e24189ce
05-22 10:49:06.582  9200  9293 I okhttp.OkHttpClient: --> END GET
05-22 10:49:06.582  9200  9293 D TrafficStats: tagSocket(397) with statsTag=0xffffffff, statsUid=-1
05-22 10:49:06.704  9200  9293 I okhttp.OkHttpClient: <-- 200 http://144.22.149.125:9400/api/sinc/registros-diversos-tipo/1/1003 (121ms)
05-22 10:49:06.704  9200  9293 I okhttp.OkHttpClient: Vary: origin,access-control-request-method,access-control-request-headers,accept-encoding
05-22 10:49:06.704  9200  9293 I okhttp.OkHttpClient: Server-Hash: d751713988987e9331980363e24189ce
05-22 10:49:06.704  9200  9293 I okhttp.OkHttpClient: Content-Type: application/json
05-22 10:49:06.704  9200  9293 I okhttp.OkHttpClient: Transfer-Encoding: chunked
05-22 10:49:06.704  9200  9293 I okhttp.OkHttpClient: Date: Wed, 22 May 2024 13:49:06 GMT
05-22 10:49:06.704  9200  9293 I okhttp.OkHttpClient: Keep-Alive: timeout=60
05-22 10:49:06.704  9200  9293 I okhttp.OkHttpClient: Connection: keep-alive
05-22 10:49:06.704  9200  9293 I okhttp.OkHttpClient: []
05-22 10:49:06.704  9200  9293 I okhttp.OkHttpClient: <-- END HTTP (2-byte body)
05-22 10:49:06.713  9200  9293 E Rede    : WIFI
05-22 10:49:06.713  9200  9293 I R_Ponto : select count(*) from tbponto where status <> 'S';
05-22 10:49:06.715  9200  9340 I LicensingManager: Obtaining 'Biometrics.Standards.Faces' license failed.
05-22 10:49:06.730  9200  9293 I okhttp.OkHttpClient: --> POST http://144.22.149.125:9400/api/equip/sinc/dashboard
05-22 10:49:06.731  9200  9293 I okhttp.OkHttpClient: Content-Type: application/json; charset=UTF-8
05-22 10:49:06.731  9200  9293 I okhttp.OkHttpClient: Content-Length: 385
05-22 10:49:06.731  9200  9293 I okhttp.OkHttpClient: {"androidId":"7a50e71b4f8553c5","bateria":"100% - Carregando","cadastrados":1,"empresa":1,"latitude":"-21.1449199","licencas":"EX-23-04-1 (151).lic;MT-23-04-1 (151).lic;","longitude":"-48.9704977","modeloSmartphone":"SM-X200","naoCadastrados":4,"naoTransmitidos":0,"precisaoCoord":"11m","ramMem":"3,403GB","serialrep":1003,"tipoConexao":"WIFI","versao":"8.002.01","versaoAndroid":"13"}
05-22 10:49:06.731  9200  9293 I okhttp.OkHttpClient: --> END POST (385-byte body)
05-22 10:49:06.732  9200  9293 D TrafficStats: tagSocket(228) with statsTag=0xffffffff, statsUid=-1
05-22 10:49:06.803  9200  9293 I okhttp.OkHttpClient: <-- 200 http://144.22.149.125:9400/api/equip/sinc/dashboard (71ms)
05-22 10:49:06.803  9200  9293 I okhttp.OkHttpClient: Vary: origin,access-control-request-method,access-control-request-headers,accept-encoding
05-22 10:49:06.803  9200  9293 I okhttp.OkHttpClient: Content-Type: application/json
05-22 10:49:06.803  9200  9293 I okhttp.OkHttpClient: Transfer-Encoding: chunked
05-22 10:49:06.803  9200  9293 I okhttp.OkHttpClient: Date: Wed, 22 May 2024 13:49:06 GMT
05-22 10:49:06.803  9200  9293 I okhttp.OkHttpClient: Keep-Alive: timeout=60
05-22 10:49:06.803  9200  9293 I okhttp.OkHttpClient: Connection: keep-alive
05-22 10:49:06.804  9200  9293 I okhttp.OkHttpClient: {"message":"OK"}
05-22 10:49:06.804  9200  9293 I okhttp.OkHttpClient: <-- END HTTP (16-byte body)
05-22 10:49:07.174  9200  9340 I LicensingManager: Obtaining 'Biometrics.FaceMatchingFast' license failed.
05-22 10:49:07.387  9200  9340 I LicensingManager: Obtaining 'Biometrics.FaceSegmentsDetection' license failed.
05-22 10:49:07.387  9200  9340 I LicensingManager: Obtaining licenses from server /local:5000
05-22 10:49:07.401  9200  9340 I LicensingManager: Obtaining 'Devices.Cameras' license succeeded.
05-22 10:49:07.416  9200  9340 I LicensingManager: Obtaining 'Biometrics.FaceDetection' license succeeded.
05-22 10:49:07.431  9200  9340 I LicensingManager: Obtaining 'Biometrics.FaceExtraction' license succeeded.
05-22 10:49:07.443  9200  9340 I LicensingManager: Obtaining 'Biometrics.FaceMatching' license succeeded.
05-22 10:49:07.519  9200  9340 W xataid.exatarep: Opening an oat file without a class loader. Are you using the deprecated DexFile APIs?
05-22 10:49:08.248  9200  9200 I checarStatusGPS: Checando...
05-22 10:49:08.248  9200  9200 E validarCoordenada: Validando...
05-22 10:49:08.800  9200  9209 I xataid.exatarep: Background concurrent copying GC freed 420268(27MB) AllocSpace objects, 33(896KB) LOS objects, 66% free, 21MB/63MB, paused 263us,336us total 151.219ms
05-22 10:49:08.801  9200  9246 D OpenGLRenderer: setSurface called with nullptr
05-22 10:49:08.803  9200  9246 D OpenGLRenderer: setSurface called with nullptr
05-22 10:49:08.806  9200  9246 D OpenGLRenderer: setSurface called with nullptr
05-22 10:49:08.814  9200  9211 W System  : A resource failed to call release. 
05-22 10:49:08.815  9200  9211 E DrmHalAidl: Failed to get vendor from drm plugin: -1010
05-22 10:49:08.815  9200  9211 E DrmHalAidl: Failed to get description from drm plugin: -1010
05-22 10:49:08.821  9200  9211 W System  : A resource failed to call AbstractCursor.close.
05-22 10:49:08.822  9200  9211 W System  : A resource failed to call AbstractCursor.close.
05-22 10:49:09.058  9200  9200 I Localizacao: LocalizacaoService LOCATION AVAILABLE!
05-22 10:49:10.184  9200  9383 E C-SDK_JAR:  ComponentName NULL
05-22 10:49:10.248  9200  9200 I checarStatusGPS: Checando...
05-22 10:49:10.248  9200  9200 E validarCoordenada: Validando...
05-22 10:49:10.744  9200  9200 I MSHandlerLifeCycle: removeMultiSplitHandler: no exist. decor=DecorView@75d195f[BioFaceV2]
05-22 10:49:10.750  9200  9246 D OpenGLRenderer: setSurface called with nullptr
05-22 10:49:10.750  9200  9246 D OpenGLRenderer: setSurface() destroyed EGLSurface
05-22 10:49:10.750  9200  9246 D OpenGLRenderer: destroyEglSurface
05-22 10:49:10.753  9200  9200 I ViewRootImpl@e9d2f29[BioFaceV2]: dispatchDetachedFromWindow
05-22 10:49:10.760  9200  9354 I gralloc4: unregister: id=2750000c85a, handle:0xb40000771d5b8d00, vaddr=0x77b1670000
05-22 10:49:10.767  9200  9200 D InputTransport: Input channel destroyed: 'a92f541', fd=461
05-22 10:49:10.768  9200  9200 D InsetsController: onStateChanged: InsetsState: {mDisplayFrame=Rect(0, 0 - 1200, 1920), mDisplayCutout=DisplayCutout{insets=Rect(0, 0 - 0, 0) waterfall=Insets{left=0, top=0, right=0, bottom=0} boundingRect={Bounds=[Rect(0, 0 - 0, 0), Rect(0, 0 - 0, 0), Rect(0, 0 - 0, 0), Rect(0, 0 - 0, 0)]} cutoutPathParserInfo={CutoutPathParserInfo{displayWidth=0 displayHeight=0 physicalDisplayWidth=0 physicalDisplayHeight=0 density={0.0} cutoutSpec={} rotation={0} scale={0.0} physicalPixelDisplaySizeRatio={0.0}}}}, mRoundedCorners=RoundedCorners{[RoundedCorner{position=TopLeft, radius=20, center=Point(20, 20)}, RoundedCorner{position=TopRight, radius=20, center=Point(1180, 20)}, RoundedCorner{position=BottomRight, radius=20, center=Point(1180, 1900)}, RoundedCorner{position=BottomLeft, radius=20, center=Point(20, 1900)}]}  mRoundedCornerFrame=Rect(0, 0 - 1200, 1920), mPrivacyIndicatorBounds=PrivacyIndicatorBounds {static bounds=Rect(1134, 0 - 1200, 36) rotation=0}, mSources= { InsetsSource: {mType=ITYPE_STATUS_BAR, mFrame=[0,0][1200,36], mVisible=true, mInsetsRoundedCornerFrame=false}, InsetsSource: {mType=ITYPE_LEFT_GESTURES, mFrame=[0,0][0,1920], mVisible=true, mInsetsRoundedCornerFrame=false}, InsetsSource: {mType=ITYPE_RIGHT_GESTURES, mFrame=[1200,0][1200,1920], mVisible=true, mInsetsRoundedCornerFrame=false}, InsetsSource: {mType=ITYPE_TOP_MANDATORY_GESTURES, mFrame=[0,0][1200,36], mVisible=true, mInsetsRoundedCornerFrame=false}, InsetsSource: {mType=ITYPE_BOTTOM_MANDATORY_GESTURES, mFrame=[0,1848][1200,1920], mVisible=true, mInsetsRoundedCornerFrame=false}, InsetsSource: {mType=ITYPE_TOP_TAPPABLE_ELEMENT, mFrame=[0,0][1200,36], mVisible=true, mInsetsRoundedCornerFrame=false}, InsetsSource: {mType=ITYPE_BOTTOM_TAPPABLE_ELEMENT, mFrame=[0,1848][1200,1920], mVisible=true, mInsetsRoundedCornerFrame=false}, InsetsSource: {mType=ITYPE_EXTRA_NAVIGATION_BAR, mFrame=[0,1848][1200,1920], mVisible=true, mInsetsRoundedCornerFrame=true} } host=exataid.exatarep/exataid.exatarep.face.multimodal.BioFaceV2 from=android.view.ViewRootImpl$ViewRootHandler.handleMessageImpl:6818
05-22 10:49:10.770  9200  9200 D InsetsController: onStateChanged: InsetsState: {mDisplayFrame=Rect(0, 0 - 1200, 1920), mDisplayCutout=DisplayCutout{insets=Rect(0, 0 - 0, 0) waterfall=Insets{left=0, top=0, right=0, bottom=0} boundingRect={Bounds=[Rect(0, 0 - 0, 0), Rect(0, 0 - 0, 0), Rect(0, 0 - 0, 0), Rect(0, 0 - 0, 0)]} cutoutPathParserInfo={CutoutPathParserInfo{displayWidth=0 displayHeight=0 physicalDisplayWidth=0 physicalDisplayHeight=0 density={0.0} cutoutSpec={} rotation={0} scale={0.0} physicalPixelDisplaySizeRatio={0.0}}}}, mRoundedCorners=RoundedCorners{[RoundedCorner{position=TopLeft, radius=20, center=Point(20, 20)}, RoundedCorner{position=TopRight, radius=20, center=Point(1180, 20)}, RoundedCorner{position=BottomRight, radius=20, center=Point(1180, 1900)}, RoundedCorner{position=BottomLeft, radius=20, center=Point(20, 1900)}]}  mRoundedCornerFrame=Rect(0, 0 - 1200, 1920), mPrivacyIndicatorBounds=PrivacyIndicatorBounds {static bounds=Rect(1134, 0 - 1200, 36) rotation=0}, mSources= { InsetsSource: {mType=ITYPE_STATUS_BAR, mFrame=[0,0][1200,36], mVisible=true, mInsetsRoundedCornerFrame=false}, InsetsSource: {mType=ITYPE_LEFT_GESTURES, mFrame=[0,0][0,1920], mVisible=true, mInsetsRoundedCornerFrame=false}, InsetsSource: {mType=ITYPE_RIGHT_GESTURES, mFrame=[1200,0][1200,1920], mVisible=true, mInsetsRoundedCornerFrame=false}, InsetsSource: {mType=ITYPE_TOP_MANDATORY_GESTURES, mFrame=[0,0][1200,36], mVisible=true, mInsetsRoundedCornerFrame=false}, InsetsSource: {mType=ITYPE_BOTTOM_MANDATORY_GESTURES, mFrame=[0,1848][1200,1920], mVisible=true, mInsetsRoundedCornerFrame=false}, InsetsSource: {mType=ITYPE_TOP_TAPPABLE_ELEMENT, mFrame=[0,0][1200,36], mVisible=true, mInsetsRoundedCornerFrame=false}, InsetsSource: {mType=ITYPE_BOTTOM_TAPPABLE_ELEMENT, mFrame=[0,1848][1200,1920], mVisible=true, mInsetsRoundedCornerFrame=false}, InsetsSource: {mType=ITYPE_EXTRA_NAVIGATION_BAR, mFrame=[0,1848][1200,1920], mVisible=true, mInsetsRoundedCornerFrame=true} } host=exataid.exatarep/exataid.exatarep.face.multimodal.BioFaceV2 from=android.view.ViewRootImpl$ViewRootHandler.handleMessageImpl:6818
05-22 10:49:10.773  9200  9200 E Bioface : Microphone
05-22 10:49:10.773  9200  9200 E Bioface : Media Camera (Rear)
05-22 10:49:10.773  9200  9200 E Bioface : Media Camera (Front)
05-22 10:49:10.776  9200  9200 I BiometricActivity: Current video format: NV21, 640x480, 20000/1000 fps, 0:0
05-22 10:49:10.778  9200  9215 I gralloc4: unregister: id=2750000c859, handle:0xb40000771d5b8b00, vaddr=0x77b17b9000
05-22 10:49:10.779  9200  9215 I gralloc4: unregister: id=2750000c85b, handle:0xb40000771d5b8f00, vaddr=0x77b1527000
05-22 10:49:10.780  9200  9200 I Biometric: ExtractionScenario: NotUsed
05-22 10:49:10.886  9200  9200 I ViewRootImpl@a74ea2f[BioFaceV2]: MSG_WINDOW_FOCUS_CHANGED 1 0
05-22 10:49:10.886  9200  9200 I ViewRootImpl@a74ea2f[BioFaceV2]: mThreadedRenderer.initializeIfNeeded()#2 mSurface={isValid=true 0xb400007713256000}
05-22 10:49:10.887  9200  9200 D InputMethodManager: startInputInner - Id : 0
05-22 10:49:10.887  9200  9200 I InputMethodManager: startInputInner - mService.startInputOrWindowGainedFocus
05-22 10:49:10.897  9200  9200 D InsetsController: onStateChanged: InsetsState: {mDisplayFrame=Rect(0, 0 - 1200, 1920), mDisplayCutout=DisplayCutout{insets=Rect(0, 0 - 0, 0) waterfall=Insets{left=0, top=0, right=0, bottom=0} boundingRect={Bounds=[Rect(0, 0 - 0, 0), Rect(0, 0 - 0, 0), Rect(0, 0 - 0, 0), Rect(0, 0 - 0, 0)]} cutoutPathParserInfo={CutoutPathParserInfo{displayWidth=0 displayHeight=0 physicalDisplayWidth=0 physicalDisplayHeight=0 density={0.0} cutoutSpec={} rotation={0} scale={0.0} physicalPixelDisplaySizeRatio={0.0}}}}, mRoundedCorners=RoundedCorners{[RoundedCorner{position=TopLeft, radius=20, center=Point(20, 20)}, RoundedCorner{position=TopRight, radius=20, center=Point(1180, 20)}, RoundedCorner{position=BottomRight, radius=20, center=Point(1180, 1900)}, RoundedCorner{position=BottomLeft, radius=20, center=Point(20, 1900)}]}  mRoundedCornerFrame=Rect(0, 0 - 1200, 1920), mPrivacyIndicatorBounds=PrivacyIndicatorBounds {static bounds=Rect(1134, 0 - 1200, 36) rotation=0}, mSources= { InsetsSource: {mType=ITYPE_STATUS_BAR, mFrame=[0,0][1200,36], mVisible=true, mInsetsRoundedCornerFrame=false}, InsetsSource: {mType=ITYPE_LEFT_GESTURES, mFrame=[0,0][0,1920], mVisible=true, mInsetsRoundedCornerFrame=false}, InsetsSource: {mType=ITYPE_RIGHT_GESTURES, mFrame=[1200,0][1200,1920], mVisible=true, mInsetsRoundedCornerFrame=false}, InsetsSource: {mType=ITYPE_TOP_MANDATORY_GESTURES, mFrame=[0,0][1200,36], mVisible=true, mInsetsRoundedCornerFrame=false}, InsetsSource: {mType=ITYPE_BOTTOM_MANDATORY_GESTURES, mFrame=[0,1848][1200,1920], mVisible=true, mInsetsRoundedCornerFrame=false}, InsetsSource: {mType=ITYPE_TOP_TAPPABLE_ELEMENT, mFrame=[0,0][1200,36], mVisible=true, mInsetsRoundedCornerFrame=false}, InsetsSource: {mType=ITYPE_BOTTOM_TAPPABLE_ELEMENT, mFrame=[0,1848][1200,1920], mVisible=true, mInsetsRoundedCornerFrame=false}, InsetsSource: {mType=ITYPE_IME, mFrame=[0,0][0,0], mVisible=false, mInsetsRoundedCornerFrame=false}, InsetsSource: {mType=ITYPE_EXTRA_NAVIGATION_BAR, mFrame=[0,1848][1200,1920], mVisible=true, mInsetsRoundedCornerFrame=true} } host=exataid.exatarep/exataid.exatarep.face.multimodal.BioFaceV2 from=android.view.ViewRootImpl$ViewRootHandler.handleMessageImpl:6818
05-22 10:49:10.968  9200  9359 E NDMAndroidCameraDevice: Camera does not support flash
05-22 10:49:10.976  9200  9359 D SensorManager: registerListener :: 1, accelerometer_bmi220, 200000, 0,
05-22 10:49:10.988  9200  9215 I gralloc4: register: id=2750000c864, handle:0xb40000771d5b8b00, vaddr=0x77b1787000
05-22 10:49:11.023  9200  9209 I xataid.exatarep: NativeAlloc concurrent copying GC freed 284780(19MB) AllocSpace objects, 0(0B) LOS objects, 64% free, 26MB/74MB, paused 97us,217us total 132.992ms
05-22 10:49:11.023  9200  9246 D OpenGLRenderer: setSurface called with nullptr
05-22 10:49:11.025  9200  9210 D InputTransport: Input channel destroyed: 'ClientS', fd=238
05-22 10:49:11.173  9200  9354 I gralloc4: register: id=2750000c866, handle:0xb4000077b33eae00, vaddr=0x77b1716000
05-22 10:49:11.177  9200  9354 I gralloc4: register: id=2750000c868, handle:0xb40000771d603900, vaddr=0x77b16a5000
05-22 10:49:11.181  9200  9354 I gralloc4: register: id=2750000c86a, handle:0xb40000771d63c400, vaddr=0x77b1634000
05-22 10:49:11.285  9200  9215 I gralloc4: register: id=2750000c86c, handle:0xb4000077293bbb00, vaddr=0x77b15c3000
05-22 10:49:11.312  9200  9618 I gralloc4: register: id=2750000c86d, handle:0xb40000771d719600, vaddr=0x76d2a45000
05-22 10:49:11.312  9200  9618 I gralloc4: lockBuffer: id=2750000c86d, vaddr=0x76d2a45000
05-22 10:49:11.312  9200  9618 E ion     : ioctl c0044901 failed with code -1: Inappropriate ioctl for device
05-22 10:49:11.318  9200  9619 I gralloc4: register: id=2750000c86e, handle:0xb40000772aa0a100, vaddr=0x76d1f72000
05-22 10:49:11.318  9200  9619 I gralloc4: lockBuffer: id=2750000c86e, vaddr=0x76d1f72000
05-22 10:49:11.329  9200  9619 I gralloc4: unlockBuffer: id=2750000c86e, vaddr=0x76d1f72000
05-22 10:49:11.331  9200  9618 I gralloc4: unlockBuffer: id=2750000c86d, vaddr=0x76d2a45000
05-22 10:49:11.337  9200  9618 I gralloc4: register: id=2750000c86f, handle:0xb40000771d719800, vaddr=0x76d1a9f000
05-22 10:49:11.337  9200  9618 I gralloc4: lockBuffer: id=2750000c86f, vaddr=0x76d1a9f000
05-22 10:49:11.346  9200  9618 I gralloc4: unlockBuffer: id=2750000c86f, vaddr=0x76d1a9f000
05-22 10:49:11.354  9200  9618 I gralloc4: register: id=2750000c870, handle:0xb40000771d719a00, vaddr=0x76d15cc000
05-22 10:49:11.354  9200  9618 I gralloc4: lockBuffer: id=2750000c870, vaddr=0x76d15cc000
05-22 10:49:11.363  9200  9618 I gralloc4: unlockBuffer: id=2750000c870, vaddr=0x76d15cc000
05-22 10:49:11.363  9200  9618 I gralloc4: lockBuffer: id=2750000c86d, vaddr=0x76d2a45000
05-22 10:49:11.371  9200  9618 I gralloc4: unlockBuffer: id=2750000c86d, vaddr=0x76d2a45000
05-22 10:49:11.372  9200  9618 I gralloc4: lockBuffer: id=2750000c86f, vaddr=0x76d1a9f000
05-22 10:49:11.379  9200  9618 I gralloc4: unlockBuffer: id=2750000c86f, vaddr=0x76d1a9f000
05-22 10:49:11.380  9200  9618 I gralloc4: lockBuffer: id=2750000c86d, vaddr=0x76d2a45000
05-22 10:49:11.388  9200  9618 I gralloc4: unlockBuffer: id=2750000c86d, vaddr=0x76d2a45000
05-22 10:49:11.389  9200  9618 I gralloc4: lockBuffer: id=2750000c86f, vaddr=0x76d1a9f000
05-22 10:49:11.389  9200  9354 I gralloc4: register: id=2750000c871, handle:0xb40000771d719e00, vaddr=0x77b1552000
05-22 10:49:11.398  9200  9618 I gralloc4: unlockBuffer: id=2750000c86f, vaddr=0x76d1a9f000
05-22 10:49:11.399  9200  9618 I gralloc4: lockBuffer: id=2750000c870, vaddr=0x76d15cc000
05-22 10:49:11.407  9200  9618 I gralloc4: unlockBuffer: id=2750000c870, vaddr=0x76d15cc000
05-22 10:49:11.408  9200  9618 I gralloc4: lockBuffer: id=2750000c86d, vaddr=0x76d2a45000
05-22 10:49:11.418  9200  9618 I gralloc4: unlockBuffer: id=2750000c86d, vaddr=0x76d2a45000
05-22 10:49:11.419  9200  9618 I gralloc4: lockBuffer: id=2750000c870, vaddr=0x76d15cc000
05-22 10:49:11.428  9200  9618 I gralloc4: unlockBuffer: id=2750000c870, vaddr=0x76d15cc000
05-22 10:49:11.429  9200  9618 I gralloc4: lockBuffer: id=2750000c86f, vaddr=0x76d1a9f000
05-22 10:49:11.436  9200  9618 I gralloc4: unlockBuffer: id=2750000c86f, vaddr=0x76d1a9f000
05-22 10:49:11.437  9200  9618 I gralloc4: lockBuffer: id=2750000c870, vaddr=0x76d15cc000
05-22 10:49:11.443  9200  9618 I gralloc4: unlockBuffer: id=2750000c870, vaddr=0x76d15cc000
05-22 10:49:11.445  9200  9618 I gralloc4: lockBuffer: id=2750000c86d, vaddr=0x76d2a45000
05-22 10:49:11.454  9200  9618 I gralloc4: unlockBuffer: id=2750000c86d, vaddr=0x76d2a45000
05-22 10:49:11.455  9200  9618 I gralloc4: lockBuffer: id=2750000c870, vaddr=0x76d15cc000
05-22 10:49:11.462  9200  9618 I gralloc4: unlockBuffer: id=2750000c870, vaddr=0x76d15cc000
05-22 10:49:11.463  9200  9618 I gralloc4: lockBuffer: id=2750000c86f, vaddr=0x76d1a9f000
05-22 10:49:11.471  9200  9618 I gralloc4: unlockBuffer: id=2750000c86f, vaddr=0x76d1a9f000
05-22 10:49:11.472  9200  9618 I gralloc4: lockBuffer: id=2750000c86d, vaddr=0x76d2a45000
05-22 10:49:11.483  9200  9618 I gralloc4: unlockBuffer: id=2750000c86d, vaddr=0x76d2a45000
05-22 10:49:11.488  9200  9618 I gralloc4: lockBuffer: id=2750000c870, vaddr=0x76d15cc000
05-22 10:49:11.496  9200  9618 I gralloc4: unlockBuffer: id=2750000c870, vaddr=0x76d15cc000
05-22 10:49:11.516  9200  9618 I gralloc4: lockBuffer: id=2750000c86f, vaddr=0x76d1a9f000
05-22 10:49:11.529  9200  9618 I gralloc4: unlockBuffer: id=2750000c86f, vaddr=0x76d1a9f000
05-22 10:49:11.535  9200  9618 I gralloc4: lockBuffer: id=2750000c86d, vaddr=0x76d2a45000
05-22 10:49:11.541  9200  9618 I gralloc4: unlockBuffer: id=2750000c86d, vaddr=0x76d2a45000
05-22 10:49:11.570  9200  9618 I gralloc4: lockBuffer: id=2750000c870, vaddr=0x76d15cc000
05-22 10:49:11.577  9200  9618 I gralloc4: unlockBuffer: id=2750000c870, vaddr=0x76d15cc000
05-22 10:49:11.615  9200  9618 I gralloc4: lockBuffer: id=2750000c86f, vaddr=0x76d1a9f000
05-22 10:49:11.621  9200  9618 I gralloc4: unlockBuffer: id=2750000c86f, vaddr=0x76d1a9f000
05-22 10:49:11.665  9200  9618 I gralloc4: lockBuffer: id=2750000c86d, vaddr=0x76d2a45000
05-22 10:49:11.672  9200  9618 I gralloc4: unlockBuffer: id=2750000c86d, vaddr=0x76d2a45000
05-22 10:49:11.715  9200  9618 I gralloc4: lockBuffer: id=2750000c870, vaddr=0x76d15cc000
05-22 10:49:11.722  9200  9618 I gralloc4: unlockBuffer: id=2750000c870, vaddr=0x76d15cc000
05-22 10:49:11.766  9200  9618 I gralloc4: lockBuffer: id=2750000c86f, vaddr=0x76d1a9f000
05-22 10:49:11.775  9200  9618 I gralloc4: unlockBuffer: id=2750000c86f, vaddr=0x76d1a9f000
05-22 10:49:11.818  9200  9618 I gralloc4: lockBuffer: id=2750000c86d, vaddr=0x76d2a45000
05-22 10:49:11.825  9200  9618 I gralloc4: unlockBuffer: id=2750000c86d, vaddr=0x76d2a45000
05-22 10:49:11.869  9200  9618 I gralloc4: lockBuffer: id=2750000c870, vaddr=0x76d15cc000
05-22 10:49:11.877  9200  9618 I gralloc4: unlockBuffer: id=2750000c870, vaddr=0x76d15cc000
05-22 10:49:11.919  9200  9618 I gralloc4: lockBuffer: id=2750000c86f, vaddr=0x76d1a9f000
05-22 10:49:11.925  9200  9618 I gralloc4: unlockBuffer: id=2750000c86f, vaddr=0x76d1a9f000
05-22 10:49:11.965  9200  9618 I gralloc4: lockBuffer: id=2750000c86d, vaddr=0x76d2a45000
05-22 10:49:11.972  9200  9618 I gralloc4: unlockBuffer: id=2750000c86d, vaddr=0x76d2a45000
05-22 10:49:12.021  9200  9618 I gralloc4: lockBuffer: id=2750000c870, vaddr=0x76d15cc000
05-22 10:49:12.027  9200  9618 I gralloc4: unlockBuffer: id=2750000c870, vaddr=0x76d15cc000
05-22 10:49:12.070  9200  9618 I gralloc4: lockBuffer: id=2750000c86f, vaddr=0x76d1a9f000
05-22 10:49:12.076  9200  9618 I gralloc4: unlockBuffer: id=2750000c86f, vaddr=0x76d1a9f000
05-22 10:49:12.120  9200  9618 I gralloc4: lockBuffer: id=2750000c86d, vaddr=0x76d2a45000
05-22 10:49:12.127  9200  9618 I gralloc4: unlockBuffer: id=2750000c86d, vaddr=0x76d2a45000
05-22 10:49:12.169  9200  9618 I gralloc4: lockBuffer: id=2750000c870, vaddr=0x76d15cc000
05-22 10:49:12.178  9200  9618 I gralloc4: unlockBuffer: id=2750000c870, vaddr=0x76d15cc000
05-22 10:49:12.225  9200  9618 I gralloc4: lockBuffer: id=2750000c86f, vaddr=0x76d1a9f000
05-22 10:49:12.240  9200  9618 I gralloc4: unlockBuffer: id=2750000c86f, vaddr=0x76d1a9f000
05-22 10:49:12.254  9200  9200 I checarStatusGPS: Checando...
05-22 10:49:12.254  9200  9200 E validarCoordenada: Validando...
05-22 10:49:12.272  9200  9618 I gralloc4: lockBuffer: id=2750000c86d, vaddr=0x76d2a45000
05-22 10:49:12.282  9200  9618 I gralloc4: unlockBuffer: id=2750000c86d, vaddr=0x76d2a45000
05-22 10:49:12.321  9200  9618 I gralloc4: lockBuffer: id=2750000c870, vaddr=0x76d15cc000
05-22 10:49:12.331  9200  9618 I gralloc4: unlockBuffer: id=2750000c870, vaddr=0x76d15cc000
05-22 10:49:12.372  9200  9618 I gralloc4: lockBuffer: id=2750000c86f, vaddr=0x76d1a9f000
05-22 10:49:12.380  9200  9618 I gralloc4: unlockBuffer: id=2750000c86f, vaddr=0x76d1a9f000
05-22 10:49:12.389  9200  9200 E STANDBY_SERVICE: INICIANDO CHECAGEM...
05-22 10:49:12.389  9200  9200 E STANDBY_SERVICE: CHECANDO...
05-22 10:49:12.397  9200  9200 E STANDBY_SERVICE: Diff: 7
05-22 10:49:12.397  9200  9200 E STANDBY_SERVICE: Ultima Execução: 22/05/2024 10:49:05
05-22 10:49:12.397  9200  9200 E STANDBY_SERVICE: AINDA NÃO...
05-22 10:49:12.403  9200  9200 E Completo-Transmissao: Posso?...
05-22 10:49:12.417  9200  9200 E Completo-Transmissao: Diff: 0
05-22 10:49:12.418  9200  9200 E Completo-Transmissao: DiffPonto: 85
05-22 10:49:12.418  9200  9200 E Completo-Transmissao: DiffRefeicao: 7084
05-22 10:49:12.418  9200  9200 E Completo-Transmissao: Config (SINCRONISMO): 2
05-22 10:49:12.418  9200  9200 E Completo-Transmissao: Ultima Execução: 22/05/2024 10:49:06
05-22 10:49:12.418  9200  9200 E Completo-Transmissao: Não Deu Tempo, Não Pode...
05-22 10:49:12.418  9200  9200 E Pontos-Transmissao: Posso?...
05-22 10:49:12.418  9200  9200 I R_Ponto : SELECT * FROM tbPonto WHERE status IN ('N','P') ORDER BY relogio, nsr
05-22 10:49:12.420  9200  9200 E Pontos-Transmissao: Sem pontos, Não Pode...
05-22 10:49:12.420  9200  9200 E Transmissao: Esperando tempo para sync...
05-22 10:49:12.421  9200  9618 I gralloc4: lockBuffer: id=2750000c870, vaddr=0x76d15cc000
05-22 10:49:12.427  9200  9618 I gralloc4: unlockBuffer: id=2750000c870, vaddr=0x76d15cc000
05-22 10:49:12.430  9200  9200 E Service : Validando parametros
05-22 10:49:12.433  9200  9200 E Service : Data: 23/05/2024
05-22 10:49:12.434  9200  9200 E Service : Data da ultima validação: 22/05/2024
05-22 10:49:12.474  9200  9618 I gralloc4: lockBuffer: id=2750000c86f, vaddr=0x76d1a9f000
05-22 10:49:12.481  9200  9618 I gralloc4: unlockBuffer: id=2750000c86f, vaddr=0x76d1a9f000
05-22 10:49:12.525  9200  9618 I gralloc4: lockBuffer: id=2750000c86d, vaddr=0x76d2a45000
05-22 10:49:12.532  9200  9618 I gralloc4: unlockBuffer: id=2750000c86d, vaddr=0x76d2a45000
05-22 10:49:12.576  9200  9618 I gralloc4: lockBuffer: id=2750000c870, vaddr=0x76d15cc000
05-22 10:49:12.585  9200  9618 I gralloc4: unlockBuffer: id=2750000c870, vaddr=0x76d15cc000
05-22 10:49:12.627  9200  9618 I gralloc4: lockBuffer: id=2750000c86f, vaddr=0x76d1a9f000
05-22 10:49:12.634  9200  9618 I gralloc4: unlockBuffer: id=2750000c86f, vaddr=0x76d1a9f000
05-22 10:49:12.679  9200  9209 I xataid.exatarep: Background concurrent copying GC freed 133260(5010KB) AllocSpace objects, 39(45MB) LOS objects, 65% free, 25MB/73MB, paused 277us,39us total 101.706ms
05-22 10:49:12.680  9200  9618 I gralloc4: lockBuffer: id=2750000c86d, vaddr=0x76d2a45000
05-22 10:49:12.688  9200  9618 I gralloc4: unlockBuffer: id=2750000c86d, vaddr=0x76d2a45000
05-22 10:49:12.730  9200  9618 I gralloc4: lockBuffer: id=2750000c870, vaddr=0x76d15cc000
05-22 10:49:12.738  9200  9618 I gralloc4: unlockBuffer: id=2750000c870, vaddr=0x76d15cc000
05-22 10:49:12.779  9200  9618 I gralloc4: lockBuffer: id=2750000c86f, vaddr=0x76d1a9f000
05-22 10:49:12.785  9200  9618 I gralloc4: unlockBuffer: id=2750000c86f, vaddr=0x76d1a9f000
05-22 10:49:12.828  9200  9618 I gralloc4: lockBuffer: id=2750000c86d, vaddr=0x76d2a45000
05-22 10:49:12.835  9200  9618 I gralloc4: unlockBuffer: id=2750000c86d, vaddr=0x76d2a45000
05-22 10:49:12.880  9200  9618 I gralloc4: lockBuffer: id=2750000c870, vaddr=0x76d15cc000
05-22 10:49:12.888  9200  9618 I gralloc4: unlockBuffer: id=2750000c870, vaddr=0x76d15cc000
05-22 10:49:12.929  9200  9618 I gralloc4: lockBuffer: id=2750000c86f, vaddr=0x76d1a9f000
05-22 10:49:12.937  9200  9618 I gralloc4: unlockBuffer: id=2750000c86f, vaddr=0x76d1a9f000
05-22 10:49:12.980  9200  9618 I gralloc4: lockBuffer: id=2750000c86d, vaddr=0x76d2a45000
05-22 10:49:12.988  9200  9618 I gralloc4: unlockBuffer: id=2750000c86d, vaddr=0x76d2a45000
05-22 10:49:13.036  9200  9618 I gralloc4: lockBuffer: id=2750000c870, vaddr=0x76d15cc000
05-22 10:49:13.043  9200  9618 I gralloc4: unlockBuffer: id=2750000c870, vaddr=0x76d15cc000
05-22 10:49:13.080  9200  9618 I gralloc4: lockBuffer: id=2750000c86f, vaddr=0x76d1a9f000
05-22 10:49:13.088  9200  9618 I gralloc4: unlockBuffer: id=2750000c86f, vaddr=0x76d1a9f000
05-22 10:49:13.140  9200  9618 I gralloc4: lockBuffer: id=2750000c86d, vaddr=0x76d2a45000
05-22 10:49:13.154  9200  9618 I gralloc4: unlockBuffer: id=2750000c86d, vaddr=0x76d2a45000
05-22 10:49:13.190  9200  9618 I gralloc4: lockBuffer: id=2750000c870, vaddr=0x76d15cc000
05-22 10:49:13.198  9200  9618 I gralloc4: unlockBuffer: id=2750000c870, vaddr=0x76d15cc000
05-22 10:49:13.231  9200  9618 I gralloc4: lockBuffer: id=2750000c86f, vaddr=0x76d1a9f000
05-22 10:49:13.238  9200  9618 I gralloc4: unlockBuffer: id=2750000c86f, vaddr=0x76d1a9f000
05-22 10:49:13.281  9200  9618 I gralloc4: lockBuffer: id=2750000c86d, vaddr=0x76d2a45000
05-22 10:49:13.287  9200  9618 I gralloc4: unlockBuffer: id=2750000c86d, vaddr=0x76d2a45000
05-22 10:49:13.333  9200  9618 I gralloc4: lockBuffer: id=2750000c870, vaddr=0x76d15cc000
05-22 10:49:13.341  9200  9618 I gralloc4: unlockBuffer: id=2750000c870, vaddr=0x76d15cc000
05-22 10:49:13.383  9200  9618 I gralloc4: lockBuffer: id=2750000c86f, vaddr=0x76d1a9f000
05-22 10:49:13.390  9200  9618 I gralloc4: unlockBuffer: id=2750000c86f, vaddr=0x76d1a9f000
05-22 10:49:13.432  9200  9618 I gralloc4: lockBuffer: id=2750000c86d, vaddr=0x76d2a45000
05-22 10:49:13.438  9200  9618 I gralloc4: unlockBuffer: id=2750000c86d, vaddr=0x76d2a45000
05-22 10:49:13.483  9200  9618 I gralloc4: lockBuffer: id=2750000c870, vaddr=0x76d15cc000
05-22 10:49:13.492  9200  9618 I gralloc4: unlockBuffer: id=2750000c870, vaddr=0x76d15cc000
05-22 10:49:13.533  9200  9618 I gralloc4: lockBuffer: id=2750000c86f, vaddr=0x76d1a9f000
05-22 10:49:13.541  9200  9618 I gralloc4: unlockBuffer: id=2750000c86f, vaddr=0x76d1a9f000
05-22 10:49:13.586  9200  9618 I gralloc4: lockBuffer: id=2750000c86d, vaddr=0x76d2a45000
05-22 10:49:13.604  9200  9618 I gralloc4: unlockBuffer: id=2750000c86d, vaddr=0x76d2a45000
Quit with code null
Logcat pid process exited with code null